
> bitlinks@0.1.0 build
> next build

node.exe : ΓÜá 
Warning: Next.js 
inferred your 
workspace root, but 
it may not be correct.
At line:1 char:1
+ & "C:\Program Files\
nodejs/node.exe" 
"C:\Program 
Files\nodejs/node_mo 
...
+ ~~~~~~~~~~~~~~~~~~~~
~~~~~~~~~~~~~~~~~~~~~~
~~~~~~~~~~~~~~~~~~~~~~
~~~~~
    + CategoryInfo    
          : NotSpeci  
  fied: (ΓÜá Warnin   
 g: Ne...not be co    
rrect.:String) []    
, RemoteException
    + FullyQualifiedE 
   rrorId : NativeCo  
  mmandError
 
 We detected multiple 
lockfiles and 
selected the 
directory of 
C:\Users\Ankita Shilga
ni\Downloads\sigma web
devlopment\Bitlinks\pa
ckage-lock.json as 
the root directory.
 To silence this 
warning, set 
`turbopack.root` in 
your Next.js config, 
or consider removing 
one of the lockfiles 
if it's not needed.
   See https://nextjs.
org/docs/app/api-refer
ence/config/next-confi
g-js/turbopack#root-di
rectory for more 
information.
 Detected additional 
lockfiles: 
   * C:\Users\Ankita S
hilgani\Downloads\sigm
a webdevlopment\Bitlin
ks\bitlinks\package-lo
ck.json

Γû▓ Next.js 16.1.5 (Turbopack)
- Environments: .env.local

  Creating an optimized production build ...
Error: Cannot apply 
unknown utility class 
`border-border`. Are 
you using CSS modules 
or similar and 
missing `@reference`? 
https://tailwindcss.co
m/docs/functions-and-d
irectives#reference-di
rective
    [2m[at 
onInvalidCandidate 
(C:\Users\Ankita Shilg
ani\Downloads\sigma we
bdevlopment\Bitlinks\b
itlinks\node_modules\@
tailwindcss\node\node_
modules\tailwindcss\di
st\lib.js:21:1314)][0
m
    [2m[at Ee 
(C:\Users\Ankita Shilg
ani\Downloads\sigma we
bdevlopment\Bitlinks\b
itlinks\node_modules\@
tailwindcss\node\node_
modules\tailwindcss\di
st\lib.js:16:37066)][
0m
    [2m[at 
C:\Users\Ankita Shilga
ni\Downloads\sigma web
devlopment\Bitlinks\bi
tlinks\node_modules\@t
ailwindcss\node\node_m
odules\tailwindcss\dis
t\lib.js:21:355][0m
    [2m[at Pr 
(C:\Users\Ankita Shilg
ani\Downloads\sigma we
bdevlopment\Bitlinks\b
itlinks\node_modules\@
tailwindcss\node\node_
modules\tailwindcss\di
st\lib.js:3:1733)][0m
    [2m[at _ 
(C:\Users\Ankita Shilg
ani\Downloads\sigma we
bdevlopment\Bitlinks\b
itlinks\node_modules\@
tailwindcss\node\node_
modules\tailwindcss\di
st\lib.js:3:1377)][0m
    [2m[at Te 
(C:\Users\Ankita Shilg
ani\Downloads\sigma we
bdevlopment\Bitlinks\b
itlinks\node_modules\@
tailwindcss\node\node_
modules\tailwindcss\di
st\lib.js:21:172)][0m
    [2m[at pn 
(C:\Users\Ankita Shilg
ani\Downloads\sigma we
bdevlopment\Bitlinks\b
itlinks\node_modules\@
tailwindcss\node\node_
modules\tailwindcss\di
st\lib.js:38:294)][0m
    [2m[at process.pr
ocessTicksAndRejection
s (node:internal/proce
ss/task_queues:103:5)]
[0m
    [2m[at async dn 
(C:\Users\Ankita Shilg
ani\Downloads\sigma we
bdevlopment\Bitlinks\b
itlinks\node_modules\@
tailwindcss\node\node_
modules\tailwindcss\di
st\lib.js:38:631)][0m
    [2m[at async Xr 
(C:\Users\Ankita Shilg
ani\Downloads\sigma we
bdevlopment\Bitlinks\b
itlinks\node_modules\@
tailwindcss\node\dist\
index.js:10:3417)][0m
Turbopack build 
encountered 1 
warnings:
./bitlinks/tailwind.co
nfig.js
Specified module 
format (EcmaScript 
Modules) is not 
matching the module 
format of the source 
code (CommonJs)
The EcmaScript module 
format was specified 
in the package.json 
that is affecting 
this source file or 
by using an special 
extension, but it 
looks like that 
CommonJs syntax is 
used in the source 
code.
Exports made by 
CommonJs syntax will 
lead to a runtime 
error, since the 
module is in 
EcmaScript mode. 
Either change the 
"type" field in the 
package.json or 
replace CommonJs 
syntax with 
EcmaScript 
import/export syntax 
in the source file.



> Build error occurred
Error: Turbopack 
build failed with 1 
errors:
./bitlinks/app/globals
.css
Error evaluating 
Node.js code
CssSyntaxError: 
tailwindcss: 
C:\Users\Ankita Shilga
ni\Downloads\sigma web
devlopment\Bitlinks\bi
tlinks\app\globals.css
:1:1: Cannot apply 
unknown utility class 
`border-border`. Are 
you using CSS modules 
or similar and 
missing `@reference`? 
https://tailwindcss.co
m/docs/functions-and-d
irectives#reference-di
rective
    at Input.error (bi
tlinks/node_modules/po
stcss/lib/input.js:135
:16) [C:\Users\Ankita 
Shilgani\Downloads\sig
ma webdevlopment\Bitli
nks\bitlinks\.next\bui
ld\chunks\3b934_1f2fb7
eb._.js:4651:22]
    at Root.error (bit
links/node_modules/pos
tcss/lib/node.js:146:3
2) [C:\Users\Ankita Sh
ilgani\Downloads\sigma
 webdevlopment\Bitlink
s\bitlinks\.next\build
\chunks\3b934_1f2fb7eb
._.js:928:38]
    [at Object.Once 
(C:\Users\Ankita Shilg
ani\Downloads\sigma we
bdevlopment\Bitlinks\b
itlinks\node_modules\@
tailwindcss\postcss\di
st\index.js:10:6913)]
    [at process.proces
sTicksAndRejections (n
ode:internal/process/t
ask_queues:103:5)]
    at async 
LazyResult.runAsync (b
itlinks/node_modules/p
ostcss/lib/lazy-result
.js:293:11) 
[C:\Users\Ankita Shilg
ani\Downloads\sigma we
bdevlopment\Bitlinks\b
itlinks\.next\build\ch
unks\3b934_1f2fb7eb._.
js:6214:21]
    at async 
transform (turbopack:/
//[turbopack-node]/tra
nsforms/postcss.ts:70:
34) [C:\Users\Ankita S
hilgani\Downloads\sigm
a webdevlopment\Bitlin
ks\bitlinks\.next\buil
d\chunks\[root-of-the-
server]__a11cdbb2._.js
:146:36]
    at async run (turb
opack:///[turbopack-no
de]/ipc/evaluate.ts:92
:23) [C:\Users\Ankita 
Shilgani\Downloads\sig
ma webdevlopment\Bitli
nks\bitlinks\.next\bui
ld\chunks\[root-of-the
-server]__8898a631._.j
s:443:31]

Import trace:
  Client Component 
Browser:
    ./bitlinks/app/glo
bals.css [Client 
Component Browser]
    ./bitlinks/app/lay
out.js [Server 
Component]


    at async 
transform (turbopack:/
//[turbopack-node]/tra
nsforms/postcss.ts:70:
34) [C:\Users\Ankita S
hilgani\Downloads\sigm
a webdevlopment\Bitlin
ks\bitlinks\.next\buil
d\chunks\[root-of-the-
server]__a11cdbb2._.js
:146:36])
    at async run (turb
opack:///[turbopack-no
de]/ipc/evaluate.ts:92
:23) [C:\Users\Ankita 
Shilgani\Downloads\sig
ma webdevlopment\Bitli
nks\bitlinks\.next\bui
ld\chunks\[root-of-the
-server]__8898a631._.j
s:443:31])
